#-----------------------------------------------------------
# Vivado v2022.2.2 (64-bit)
# SW Build 3788238 on Tue Feb 21 20:00:34 MST 2023
# IP Build 3783773 on Tue Feb 21 23:41:56 MST 2023
# Start of session at: Thu Mar 21 13:01:56 2024
# Process ID: 48952
# Current directory: C:/Users/mayan/OneDrive/Desktop/project/p1_hlaf_adder
# Command line: vivado.exe -gui_launcher_event rodinguilauncherevent36208 C:\Users\mayan\OneDrive\Desktop\project\p1_hlaf_adder\p1_hlaf_adder.xpr
# Log file: C:/Users/mayan/OneDrive/Desktop/project/p1_hlaf_adder/vivado.log
# Journal file: C:/Users/mayan/OneDrive/Desktop/project/p1_hlaf_adder\vivado.jou
# Running On: mayank, OS: Windows, CPU Frequency: 2611 MHz, CPU Physical cores: 10, Host memory: 16876 MB
#-----------------------------------------------------------
start_gui
open_project C:/Users/mayan/OneDrive/Desktop/project/p1_hlaf_adder/p1_hlaf_adder.xpr
update_compile_order -fileset sources_1
launch_simulation
source hatb.tcl
close_sim
launch_simulation
source hatb.tcl
close_sim
launch_simulation
source hatb.tcl
close_sim
launch_simulation
source hatb.tcl
close_sim
launch_simulation
source hatb.tcl
close_sim
launch_simulation
source hatb.tcl
close_sim
launch_simulation
source hatb.tcl
close_sim
launch_simulation
source hatb.tcl
close_sim
launch_simulation
source hatb.tcl
close_sim
launch_simulation
source hatb.tcl
close_sim
