#-----------------------------------------------------------
# Vivado v2022.2.2 (64-bit)
# SW Build 3788238 on Tue Feb 21 20:00:34 MST 2023
# IP Build 3783773 on Tue Feb 21 23:41:56 MST 2023
# Start of session at: Fri Apr 19 10:53:43 2024
# Process ID: 4460
# Current directory: C:/Users/mayan/OneDrive/Desktop/project/p31_file_opretion
# Command line: vivado.exe -gui_launcher_event rodinguilauncherevent38304 C:\Users\mayan\OneDrive\Desktop\project\p31_file_opretion\p31_file_opretion.xpr
# Log file: C:/Users/mayan/OneDrive/Desktop/project/p31_file_opretion/vivado.log
# Journal file: C:/Users/mayan/OneDrive/Desktop/project/p31_file_opretion\vivado.jou
# Running On: mayank, OS: Windows, CPU Frequency: 2611 MHz, CPU Physical cores: 10, Host memory: 16876 MB
#-----------------------------------------------------------
start_gui
oopen_project C:/Users/mayan/OneDrive/Desktop/project/p31_file_opretion/p31_file_opretion.xpruupdate_compile_order -fileset sources_1launch_simulation
source tb.tcl
close_sim
