#-----------------------------------------------------------
# Vivado v2022.2.2 (64-bit)
# SW Build 3788238 on Tue Feb 21 20:00:34 MST 2023
# IP Build 3783773 on Tue Feb 21 23:41:56 MST 2023
# Start of session at: Thu Mar 14 06:20:11 2024
# Process ID: 3992
# Current directory: C:/Users/mayan/OneDrive/Desktop/project/p22_5bit_loded_counter
# Command line: vivado.exe -gui_launcher_event rodinguilauncherevent14788 C:\Users\mayan\OneDrive\Desktop\project\p22_5bit_loded_counter\p22_5bit_loded_counter.xpr
# Log file: C:/Users/mayan/OneDrive/Desktop/project/p22_5bit_loded_counter/vivado.log
# Journal file: C:/Users/mayan/OneDrive/Desktop/project/p22_5bit_loded_counter\vivado.jou
# Running On: mayank, OS: Windows, CPU Frequency: 2611 MHz, CPU Physical cores: 10, Host memory: 16876 MB
#-----------------------------------------------------------
start_gui
open_project C:/Users/mayan/OneDrive/Desktop/project/p22_5bit_loded_counter/p22_5bit_loded_counter.xpr
update_compile_order -fileset sources_1
launch_simulation
source tb.tcl
run all
close_sim
