#-----------------------------------------------------------
# Vivado v2022.2.2 (64-bit)
# SW Build 3788238 on Tue Feb 21 20:00:34 MST 2023
# IP Build 3783773 on Tue Feb 21 23:41:56 MST 2023
# Start of session at: Sun Mar 17 16:19:29 2024
# Process ID: 11940
# Current directory: C:/Users/mayan/OneDrive/Desktop/project/p4_mux2.1
# Command line: vivado.exe -gui_launcher_event rodinguilauncherevent16704 C:\Users\mayan\OneDrive\Desktop\project\p4_mux2.1\p4_mux2.1.xpr
# Log file: C:/Users/mayan/OneDrive/Desktop/project/p4_mux2.1/vivado.log
# Journal file: C:/Users/mayan/OneDrive/Desktop/project/p4_mux2.1\vivado.jou
# Running On: mayank, OS: Windows, CPU Frequency: 2611 MHz, CPU Physical cores: 10, Host memory: 16876 MB
#-----------------------------------------------------------
start_guioopen_project C:/Users/mayan/OneDrive/Desktop/project/p4_mux2.1/p4_mux2.1.xprupdate_compile_order -fileset sources_1

launch_simulation
source tb.tcl
close_sim
launch_simulation
source tb.tcl
synth_design -rtl -rtl_skip_mlo -name rtl_1
launch_runs synth_1 -jobs 6
wait_on_run synth_1
close_sim
