#-----------------------------------------------------------
# Vivado v2022.2.2 (64-bit)
# SW Build 3788238 on Tue Feb 21 20:00:34 MST 2023
# IP Build 3783773 on Tue Feb 21 23:41:56 MST 2023
# Start of session at: Fri Feb 16 05:49:05 2024
# Process ID: 29328
# Current directory: C:/Users/mayan/OneDrive/Desktop/project/p23_siso_sift_Register
# Command line: vivado.exe -gui_launcher_event rodinguilauncherevent30004 C:\Users\mayan\OneDrive\Desktop\project\p23_siso_sift_Register\p23_siso_sift_Register.xpr
# Log file: C:/Users/mayan/OneDrive/Desktop/project/p23_siso_sift_Register/vivado.log
# Journal file: C:/Users/mayan/OneDrive/Desktop/project/p23_siso_sift_Register\vivado.jou
# Running On: mayank, OS: Windows, CPU Frequency: 2611 MHz, CPU Physical cores: 10, Host memory: 16876 MB
#-----------------------------------------------------------
start_gui
open_project C:/Users/mayan/OneDrive/Desktop/project/p23_siso_sift_Register/p23_siso_sift_Register.xpr
update_compile_order -fileset sources_1
launch_simulation
source top.tcl
file mkdir C:/Users/mayan/OneDrive/Desktop/project/p23_siso_sift_Register/p23_siso_sift_Register.srcs/sim_1/new
set_property SOURCE_SET sources_1 [get_filesets sim_1]
close [ open C:/Users/mayan/OneDrive/Desktop/project/p23_siso_sift_Register/p23_siso_sift_Register.srcs/sim_1/new/tb.v w ]
add_files -fileset sim_1 C:/Users/mayan/OneDrive/Desktop/project/p23_siso_sift_Register/p23_siso_sift_Register.srcs/sim_1/new/tb.v
update_compile_order -fileset sim_1
synth_design -rtl -rtl_skip_mlo -name rtl_1
close_sim
launch_simulation
source top.tcl
update_compile_order -fileset sim_1
launch_simulation
close_sim
