#-----------------------------------------------------------
# Vivado v2022.2.2 (64-bit)
# SW Build 3788238 on Tue Feb 21 20:00:34 MST 2023
# IP Build 3783773 on Tue Feb 21 23:41:56 MST 2023
# Start of session at: Mon Jan 29 13:02:44 2024
# Process ID: 4876
# Current directory: C:/Users/mayan/OneDrive/Desktop/project/p17_modulo12_counter
# Command line: vivado.exe -gui_launcher_event rodinguilauncherevent23208 C:\Users\mayan\OneDrive\Desktop\project\p17_modulo12_counter\p17_modulo12_counter.xpr
# Log file: C:/Users/mayan/OneDrive/Desktop/project/p17_modulo12_counter/vivado.log
# Journal file: C:/Users/mayan/OneDrive/Desktop/project/p17_modulo12_counter\vivado.jou
# Running On: mayank, OS: Windows, CPU Frequency: 2611 MHz, CPU Physical cores: 10, Host memory: 16876 MB
#-----------------------------------------------------------sstart_guioopen_project C:/Users/mayan/OneDrive/Desktop/project/p17_modulo12_counter/p17_modulo12_counter.xprupdate_compile_order -fileset sources_1
launch_simulation
source tb.tcl
close_sim
launch_simulation
source tb.tcl
close_sim
launch_simulation
source tb.tcl
run 10000 ns
run 10000 ns
close_sim
launch_simulation
source tb.tcl
run 10000 ns
run 10000 ns
run 10000 ns
close_sim
launch_simulation
source tb.tcl
run 10000 ns
run 10000 ns
run 10000 ns
run 10000 ns
close_sim
launch_simulation
source tb.tcl
run 10000 ns
run 10000 ns
run 10000 ns
close_sim
