#-----------------------------------------------------------
# Vivado v2022.2.2 (64-bit)
# SW Build 3788238 on Tue Feb 21 20:00:34 MST 2023
# IP Build 3783773 on Tue Feb 21 23:41:56 MST 2023
# Start of session at: Wed Jan 31 00:09:36 2024
# Process ID: 36924
# Current directory: C:/Users/mayan/OneDrive/Desktop/project/p20_ase_counter_t_ff
# Command line: vivado.exe -gui_launcher_event rodinguilauncherevent34296 C:\Users\mayan\OneDrive\Desktop\project\p20_ase_counter_t_ff\p20_ase_counter_t_ff.xpr
# Log file: C:/Users/mayan/OneDrive/Desktop/project/p20_ase_counter_t_ff/vivado.log
# Journal file: C:/Users/mayan/OneDrive/Desktop/project/p20_ase_counter_t_ff\vivado.jou
# Running On: mayank, OS: Windows, CPU Frequency: 2611 MHz, CPU Physical cores: 10, Host memory: 16876 MB
#-----------------------------------------------------------
start_gui
open_project C:/Users/mayan/OneDrive/Desktop/project/p20_ase_counter_t_ff/p20_ase_counter_t_ff.xpr
update_compile_order -fileset sources_1
launch_simulation
source t_ff.tcl
add_force {/t_ff/clk} -radix hex {1 0ns} {0 50000ps} -repeat_every 100000ps
add_force {/t_ff/t} -radix hex {1 0ns} {0 100000ps} -repeat_every 200000ps
run 10000 ns
close_sim
launch_simulation
source t_ff.tcl
run 10000 ns
add_force {/t_ff/clk} -radix hex {1 0ns} {0 50000ps} -repeat_every 100000ps
add_force {/t_ff/t} -radix hex {1 0ns} {0 100000ps} -repeat_every 200000ps
run 10000 ns
close [ open C:/Users/mayan/OneDrive/Desktop/project/p20_ase_counter_t_ff/p20_ase_counter_t_ff.srcs/sources_1/new/top2.v w ]
add_files C:/Users/mayan/OneDrive/Desktop/project/p20_ase_counter_t_ff/p20_ase_counter_t_ff.srcs/sources_1/new/top2.v
update_compile_order -fileset sources_1
launch_simulation
update_compile_order -fileset sources_1
launch_simulation
close_sim
