#-----------------------------------------------------------
# Vivado v2022.2.2 (64-bit)
# SW Build 3788238 on Tue Feb 21 20:00:34 MST 2023
# IP Build 3783773 on Tue Feb 21 23:41:56 MST 2023
# Start of session at: Wed Mar 13 14:36:20 2024
# Process ID: 17168
# Current directory: C:/Users/mayan/OneDrive/Desktop/project/p27_fuctiuon_4x1_mux
# Command line: vivado.exe -gui_launcher_event rodinguilauncherevent12896 C:\Users\mayan\OneDrive\Desktop\project\p27_fuctiuon_4x1_mux\p27_fuctiuon_4x1_mux.xpr
# Log file: C:/Users/mayan/OneDrive/Desktop/project/p27_fuctiuon_4x1_mux/vivado.log
# Journal file: C:/Users/mayan/OneDrive/Desktop/project/p27_fuctiuon_4x1_mux\vivado.jou
# Running On: mayank, OS: Windows, CPU Frequency: 2611 MHz, CPU Physical cores: 10, Host memory: 16876 MB
#-----------------------------------------------------------
start_gui
open_project C:/Users/mayan/OneDrive/Desktop/project/p27_fuctiuon_4x1_mux/p27_fuctiuon_4x1_mux.xpr
update_compile_order -fileset sources_1
launch_simulation
source tb.tcl
close_sim
